---
source: tui/src/chatwidget/tests.rs
expression: popup
---
  Implement this plan?

› 1. Compact context and implement plan  Compact context first, then switch to
                                         Default and start coding.
  2. Yes, implement this plan            Switch to Default and start coding.
  3. No, stay in Plan mode               Continue planning with the model.

  Press enter to confirm or esc to go back
